// Jest Snapshot v1, https://goo.gl/fbAQLP

exports[`Avatar should render correctly 1`] = `
<div>
  <picture
    class="avatar md:scale-110 md:transition-none md:active:scale-100"
  >
    <source
      srcset="/media/avatar.webp"
      type="image/webp"
    />
    <source
      srcset="/media/avatar.png"
      type="image/png"
    />
    <img
      alt="Ruben's avatar"
      height="421"
      src="/media/avatar.png"
      width="421"
    />
  </picture>
</div>
`;
